

  User
    #save()
      ✓ should save without error (1003ms)
      ✓ should save without error (2) (1005ms)


  2 passing (2s)

