

  my suite
    âœ“ my test


  1 passing (6ms)

