

  âœ“ double done
  1) double done


  1 passing (4ms)
  1 failing

  1) double done:
     Error: done() called multiple times
      at processImmediate (internal/timers.js:461:21)



