

  Array (1)
    #indexOf()
      - should return -1 unless present
      - should return the index when present

  Array (2)
    #indexOf()
      - should return -1 unless present
      ✓ should return the index when present

  - should only test in the correct environment (1)
  ✓ should only test in the correct environment (2)

  outer
    inner
      - Run test in "inner"
    - Run test in "outer"
after in "outer" will be executed


  2 passing (5ms)
  6 pending

