

test3 run
  âœ“ test3

  suite4
test4 run
    âœ“ test4
    suite5
test5 run
      âœ“ test5


  3 passing (4ms)

