

  a suite of tests
    ✓ should take less than 500ms (306ms)
    ✓ should take less than 500ms as well (250ms)

  a suite of tests (error)
    1) should take less than 200ms
    2) should take less than 200ms as well

  ✓ should take less than 500ms (304ms)
  3) should take less than 200ms (error)

  a suite of tests (hook)
    ✓ test

  a suite of tests (hook error)
    4) "before each" hook for "test"


  4 passing (4s)
  4 failing

  1) a suite of tests (error)
       should take less than 200ms:
     Error: Timeout of 200ms exceeded. For async tests and hooks, ensure "done()" is called; if returning a Promise, ensure it resolves.
      at listOnTimeout (internal/timers.js:531:17)
      at processTimers (internal/timers.js:475:7)

  2) a suite of tests (error)
       should take less than 200ms as well:
     Error: Timeout of 200ms exceeded. For async tests and hooks, ensure "done()" is called; if returning a Promise, ensure it resolves.
      at listOnTimeout (internal/timers.js:531:17)
      at processTimers (internal/timers.js:475:7)

  3) should take less than 200ms (error):
     Error: Timeout of 200ms exceeded. For async tests and hooks, ensure "done()" is called; if returning a Promise, ensure it resolves.
      at listOnTimeout (internal/timers.js:531:17)
      at processTimers (internal/timers.js:475:7)

  4) a suite of tests (hook error)
       "before each" hook for "test":
     Error: Timeout of 300ms exceeded. For async tests and hooks, ensure "done()" is called; if returning a Promise, ensure it resolves.
      at listOnTimeout (internal/timers.js:531:17)
      at processTimers (internal/timers.js:475:7)



