

  #find()
    âœ“ respond with matching records


  1 passing (3ms)

